sat
((f @u!9!U!1)(g @u!9!U!1)(h @u!17!U!1)(true true)(false false))
